# @generated
# To regenerate, run:
# ```
# STARLARK_RUST_REGENERATE_BC_TESTS=1 cargo test -p starlark --lib tests
# ```

MyEnum = enum("red", "green", "blue")

def test(x):
    # Test there is no enum evaluation.
    return x == MyEnum("red")

# Bytecode:

Max stack size: 1
Instructions:
  0: EqConst &x "red" &1
  24: Return &1
  32: End
